EVA1_4_CREATE_TABLE

MySQL Shell 8.0.41

Copyright (c) 2016, 2025, Oracle and/or its affiliates.
Oracle is a registered trademark of Oracle Corporation and/or its affiliates.
Other names may be trademarks of their respective owners.

Type '\help' or '\?' for help; '\quit' to exit.
 MySQL  JS > \sql
Switching to SQL mode... Commands end with ;
 MySQL  SQL > \connect --mc root@localhost
Creating a Classic session to 'root@localhost'
Fetching global names for auto-completion... Press ^C to stop.
Your MySQL connection id is 19
Server version: 8.0.41 MySQL Community Server - GPL
No default schema selected; type \use <schema> to set one.
 MySQL  localhost:3306 ssl  SQL > show databases;
+--------------------+
| Database           |
+--------------------+
| information_schema |
| mysql              |
| performance_schema |
| sakila             |
| sys                |
| tbd_eva1           |
| world              |
+--------------------+
7 rows in set (0.0012 sec)
 MySQL  localhost:3306 ssl  SQL > use tbd_eva1;
Default schema set to `tbd_eva1`.
Fetching global names, object names from `tbd_eva1` for auto-completion... Press ^C to stop.
 MySQL  localhost:3306 ssl  tbd_eva1  SQL > show tables;
+--------------------+
| Tables_in_tbd_eva1 |
+--------------------+
| persona            |
| vehiculo           |
+--------------------+
2 rows in set (0.0016 sec)
 MySQL  localhost:3306 ssl  tbd_eva1  SQL > desc vehiculo;
+----------+-------------+------+-----+---------+-------+
| Field    | Type        | Null | Key | Default | Extra |
+----------+-------------+------+-----+---------+-------+
| marca    | varchar(20) | YES  |     | NULL    |       |
| modelo   | varchar(30) | YES  |     | NULL    |       |
| year     | int         | YES  |     | NULL    |       |
| color    | varchar(20) | YES  |     | NULL    |       |
| no_serie | varchar(17) | YES  |     | NULL    |       |
+----------+-------------+------+-----+---------+-------+
5 rows in set (0.0017 sec)
 MySQL  localhost:3306 ssl  tbd_eva1  SQL > show create table vehiculo;
+----------+----------------------------------------------------------------------------------------------------------------------------------------------------------------------------------------------------------------------------------------------------------------------------+
| Table    | Create Table

                                                                            |
+----------+----------------------------------------------------------------------------------------------------------------------------------------------------------------------------------------------------------------------------------------------------------------------------+
| vehiculo | CREATE TABLE `vehiculo` (
  `marca` varchar(20) DEFAULT NULL,
  `modelo` varchar(30) DEFAULT NULL,
  `year` int DEFAULT NULL,
  `color` varchar(20) DEFAULT NULL,
  `no_serie` varchar(17) DEFAULT NULL
) ENGINE=InnoDB DEFAULT CHARSET=utf8mb4 COLLATE=utf8mb4_0900_ai_ci |
+----------+----------------------------------------------------------------------------------------------------------------------------------------------------------------------------------------------------------------------------------------------------------------------------+
1 row in set (0.0013 sec)
 MySQL  localhost:3306 ssl  tbd_eva1  SQL > desc vehiculo;
+----------+-------------+------+-----+---------+-------+
| Field    | Type        | Null | Key | Default | Extra |
+----------+-------------+------+-----+---------+-------+
| marca    | varchar(20) | YES  |     | NULL    |       |
| modelo   | varchar(30) | YES  |     | NULL    |       |
| year     | int         | YES  |     | NULL    |       |
| color    | varchar(20) | YES  |     | NULL    |       |
| no_serie | varchar(17) | YES  |     | NULL    |       |
+----------+-------------+------+-----+---------+-------+
5 rows in set (0.0019 sec)
 MySQL  localhost:3306 ssl  tbd_eva1  SQL > select * from vehiculo;
+-----------+----------+------+-------+----------+
| marca     | modelo   | year | color | no_serie |
+-----------+----------+------+-------+----------+
| Ford      | Mustang  | 1970 | Azul  | ASDFGHJ  |
| Chevrolet | Corvette | 2015 | Rojo  | ASDFGHJ  |
+-----------+----------+------+-------+----------+
2 rows in set (0.0008 sec)
 MySQL  localhost:3306 ssl  tbd_eva1  SQL > insert into vehiculo(marca, modelo)values("Tesla","S"),("Tesla","E"),("Tesla","X"),("Tesla","Y"),("Tesla", "Cybertuck");
Query OK, 5 rows affected (0.0073 sec)

Records: 5  Duplicates: 0  Warnings: 0
 MySQL  localhost:3306 ssl  tbd_eva1  SQL > select * from vehiculo;
+-----------+-----------+------+-------+----------+
| marca     | modelo    | year | color | no_serie |
+-----------+-----------+------+-------+----------+
| Ford      | Mustang   | 1970 | Azul  | ASDFGHJ  |
| Chevrolet | Corvette  | 2015 | Rojo  | ASDFGHJ  |
| Tesla     | S         | NULL | NULL  | NULL     |
| Tesla     | E         | NULL | NULL  | NULL     |
| Tesla     | X         | NULL | NULL  | NULL     |
| Tesla     | Y         | NULL | NULL  | NULL     |
| Tesla     | Cybertuck | NULL | NULL  | NULL     |
+-----------+-----------+------+-------+----------+
7 rows in set (0.0008 sec)
 MySQL  localhost:3306 ssl  tbd_eva1  SQL > insert into vehiculo(marca, modelo)value("Tesla","S");
Query OK, 1 row affected (0.0055 sec)
 MySQL  localhost:3306 ssl  tbd_eva1  SQL > select * from vehiculo;
+-----------+-----------+------+-------+----------+
| marca     | modelo    | year | color | no_serie |
+-----------+-----------+------+-------+----------+
| Ford      | Mustang   | 1970 | Azul  | ASDFGHJ  |
| Chevrolet | Corvette  | 2015 | Rojo  | ASDFGHJ  |
| Tesla     | S         | NULL | NULL  | NULL     |
| Tesla     | E         | NULL | NULL  | NULL     |
| Tesla     | X         | NULL | NULL  | NULL     |
| Tesla     | Y         | NULL | NULL  | NULL     |
| Tesla     | Cybertuck | NULL | NULL  | NULL     |
| Tesla     | S         | NULL | NULL  | NULL     |
+-----------+-----------+------+-------+----------+
8 rows in set (0.0008 sec)
 MySQL  localhost:3306 ssl  tbd_eva1  SQL > select count(*) from vehiculo;
+----------+
| count(*) |
+----------+
|        8 |
+----------+
1 row in set (0.0022 sec)
 MySQL  localhost:3306 ssl  tbd_eva1  SQL > insert into vehiculo(marca, modelo)value(null,null,null,null,null);
ERROR: 1136 (21S01): Column count doesn't match value count at row 1
 MySQL  localhost:3306 ssl  tbd_eva1  SQL > insert into value(null,null,null,null,null);
ERROR: 1064 (42000): You have an error in your SQL syntax; check the manual that corresponds to your MySQL server version for the right syntax to use near 'null,null,null,null,null)' at line 1
 MySQL  localhost:3306 ssl  tbd_eva1  SQL > insert into vehiculo value(null,null,null,null,null);
Query OK, 1 row affected (0.0051 sec)
 MySQL  localhost:3306 ssl  tbd_eva1  SQL > select * from vehiculo;
+-----------+-----------+------+-------+----------+
| marca     | modelo    | year | color | no_serie |
+-----------+-----------+------+-------+----------+
| Ford      | Mustang   | 1970 | Azul  | ASDFGHJ  |
| Chevrolet | Corvette  | 2015 | Rojo  | ASDFGHJ  |
| Tesla     | S         | NULL | NULL  | NULL     |
| Tesla     | E         | NULL | NULL  | NULL     |
| Tesla     | X         | NULL | NULL  | NULL     |
| Tesla     | Y         | NULL | NULL  | NULL     |
| Tesla     | Cybertuck | NULL | NULL  | NULL     |
| Tesla     | S         | NULL | NULL  | NULL     |
| NULL      | NULL      | NULL | NULL  | NULL     |
+-----------+-----------+------+-------+----------+
9 rows in set (0.0006 sec)
 MySQL  localhost:3306 ssl  tbd_eva1  SQL > create table prueba(
                                         -> dato varchar(20) not null);
Query OK, 0 rows affected (0.0188 sec)
 MySQL  localhost:3306 ssl  tbd_eva1  SQL > desc prueba;
+-------+-------------+------+-----+---------+-------+
| Field | Type        | Null | Key | Default | Extra |
+-------+-------------+------+-----+---------+-------+
| dato  | varchar(20) | NO   |     | NULL    |       |
+-------+-------------+------+-----+---------+-------+
1 row in set (0.0022 sec)
 MySQL  localhost:3306 ssl  tbd_eva1  SQL > insert into prueba
                                         -> value("Que onda");
Query OK, 1 row affected (0.0047 sec)
 MySQL  localhost:3306 ssl  tbd_eva1  SQL > select * from vehiculo;
+-----------+-----------+------+-------+----------+
| marca     | modelo    | year | color | no_serie |
+-----------+-----------+------+-------+----------+
| Ford      | Mustang   | 1970 | Azul  | ASDFGHJ  |
| Chevrolet | Corvette  | 2015 | Rojo  | ASDFGHJ  |
| Tesla     | S         | NULL | NULL  | NULL     |
| Tesla     | E         | NULL | NULL  | NULL     |
| Tesla     | X         | NULL | NULL  | NULL     |
| Tesla     | Y         | NULL | NULL  | NULL     |
| Tesla     | Cybertuck | NULL | NULL  | NULL     |
| Tesla     | S         | NULL | NULL  | NULL     |
| NULL      | NULL      | NULL | NULL  | NULL     |
+-----------+-----------+------+-------+----------+
9 rows in set (0.0007 sec)
 MySQL  localhost:3306 ssl  tbd_eva1  SQL > select * from prueba;
+----------+
| dato     |
+----------+
| Que onda |
+----------+
1 row in set (0.0007 sec)
 MySQL  localhost:3306 ssl  tbd_eva1  SQL > insert into prueba value(null);
ERROR: 1048 (23000): Column 'dato' cannot be null
 MySQL  localhost:3306 ssl  tbd_eva1  SQL > select * from prueba;
+----------+
| dato     |
+----------+
| Que onda |
+----------+
1 row in set (0.0007 sec)
 MySQL  localhost:3306 ssl  tbd_eva1  SQL >